   Γû▓ Next.js 15.3.1
   - Environments: .env.local

   Creating an optimized production build ...
 Γ£ô Compiled successfully in 3.0s
   Linting and checking validity of types ...
node.exe : 
Failed to 
compile.
At 
C:\Program Fi
les\nodejs\np
x.ps1:29 
char:3
+   & 
$NODE_EXE 
$NPX_CLI_JS 
$args
+   ~~~~~~~~~
~~~~~~~~~~~~~
~~~~~~~
    + Catego 
   ryInfo    
             
 : NotSpe    
cified:     
(Failed     
to compi    
le.:Stri    
ng) [],     
RemoteEx    
ception
    + FullyQ 
   ualified  
  ErrorId    
 : Native    
CommandE    
rror
 

.next/types/a
pp/profile/[i
d]/page.ts:34
:29
Type error: 
Type 'UserPro
fileProps' 
does not 
satisfy the 
constraint 
'PageProps'.
  Types of 
property 
'params' are 
incompatible.
    Type '{ 
id: string; 
}' is 
missing the 
following 
properties 
from type 'Pr
omise<any>': 
then, catch, 
finally, [Sym
bol.toStringT
ag]

[0m [90m 
32 |[39m[0m
[0m [90m 
33 |[39m 
[90m// 
Check the 
prop type of 
the entry fun
ction[39m[0
m
[0m[31m[1m
>[22m[39m[
90m 34 
|[39m checkF
ields[33m<[
39m[33mDiff
[39m[33m<[3
9m[33mPagePr
ops[39m[33m
,[39m [33mF
irstArg[39m
[33m<[39m[3
3mTEntry[39m
[[32m'defaul
t'[39m][33m
>[39m[33m,
[39m [32m'de
fault'[39m[
33m>>[39m()
[0m
[0m [90m   
 |[39m      
             
          [3
1m[1m^[22m
[39m[0m
[0m [90m 
35 |[39m[0m
[0m [90m 
36 |[39m 
[90m// 
Check the 
arguments 
and return 
type of the g
enerateMetada
ta function[
39m[0m
[0m [90m 
37 |[39m 
[36mif[39m 
([32m'genera
teMetadata'[
39m 
[36min[39m 
entry) {[0m
Next.js 
build worker 
exited with 
code: 1 and 
signal: null
